// Jest Snapshot v1, https://goo.gl/fbAQLP

exports[`SearchSummaryContainer should be rendered and connected correctly by default 1`] = `
<SearchSummary
  total={100}
/>
`;

exports[`SearchSummaryContainer should be rendered correctly by default 1`] = `
<SearchSummary
  total={null}
/>
`;

exports[`SearchSummaryContainer should be rendered correctly with specified total parameter 1`] = `
<SearchSummary
  total={42}
/>
`;
