// Jest Snapshot v1, https://goo.gl/fbAQLP

exports[`SearchItem should be rendered correctly 1`] = `
<div
  className="w-100 mb-3 search-item"
>
  <a
    href="https://giphy.com/gifs/k-dancing-3o6UBlHJQT19wSgJQk"
  >
    <img
      alt="k GIF"
      border="0"
      className="w-100"
      src="https://media0.giphy.com/media/3o6UBlHJQT19wSgJQk/200w.gif"
      title="k GIF"
    />
  </a>
</div>
`;
